Call 0
Call 1
dbl = 2.546450
one = 1
two = 2
a long = 249238493223
x = 3
x = 3
y = 155
four = 4
k = 8.234500

